// Jest Snapshot v1, https://goo.gl/fbAQLP

exports[`<Player /> render the <Player /> with a bunny video 1`] = `
<div
  class="sc-hOGkXu"
>
  <button
    class="sc-jQrDum jnrNET"
  >
    Play
  </button>
</div>
`;
